Archive member included because of file (symbol)

c:/users/pc/downloads/tools/tools/03- imt sdk/imt_sdk_win_64/winavr/bin/../lib/gcc/avr/4.3.3/avr5\libgcc.a(_mulsi3.o)
                              ./MCAL/ADC/ADC_Program.o (__mulsi3)
c:/users/pc/downloads/tools/tools/03- imt sdk/imt_sdk_win_64/winavr/bin/../lib/gcc/avr/4.3.3/avr5\libgcc.a(_udivmodhi4.o)
                              ./MCAL/ADC/ADC_Program.o (__udivmodhi4)
c:/users/pc/downloads/tools/tools/03- imt sdk/imt_sdk_win_64/winavr/bin/../lib/gcc/avr/4.3.3/avr5\libgcc.a(_udivmodsi4.o)
                              ./HAL/SERVO_MOTOR/SERVO_Program.o (__udivmodsi4)
c:/users/pc/downloads/tools/tools/03- imt sdk/imt_sdk_win_64/winavr/bin/../lib/gcc/avr/4.3.3/avr5\libgcc.a(_exit.o)
                              c:/users/pc/downloads/tools/tools/03- imt sdk/imt_sdk_win_64/winavr/bin/../lib/gcc/avr/4.3.3/../../../../avr/lib/avr5/crtm32.o (exit)
c:/users/pc/downloads/tools/tools/03- imt sdk/imt_sdk_win_64/winavr/bin/../lib/gcc/avr/4.3.3/avr5\libgcc.a(_copy_data.o)
                              ./HAL/KPAD/KPAD_Program.o (__do_copy_data)
c:/users/pc/downloads/tools/tools/03- imt sdk/imt_sdk_win_64/winavr/bin/../lib/gcc/avr/4.3.3/avr5\libgcc.a(_clear_bss.o)
                              ./MCAL/USART/USART_Program.o (__do_clear_bss)
c:/users/pc/downloads/tools/tools/03- imt sdk/imt_sdk_win_64/winavr/bin/../lib/gcc/avr/4.3.3/avr5\libgcc.a(_fixunssfsi.o)
                              ./HAL/LCD/LCD_Program.o (__fixunssfsi)
c:/users/pc/downloads/tools/tools/03- imt sdk/imt_sdk_win_64/winavr/bin/../lib/gcc/avr/4.3.3/avr5\libgcc.a(_addsub_sf.o)
                              c:/users/pc/downloads/tools/tools/03- imt sdk/imt_sdk_win_64/winavr/bin/../lib/gcc/avr/4.3.3/avr5\libgcc.a(_fixunssfsi.o) (__subsf3)
c:/users/pc/downloads/tools/tools/03- imt sdk/imt_sdk_win_64/winavr/bin/../lib/gcc/avr/4.3.3/avr5\libgcc.a(_mul_sf.o)
                              ./HAL/LCD/LCD_Program.o (__mulsf3)
c:/users/pc/downloads/tools/tools/03- imt sdk/imt_sdk_win_64/winavr/bin/../lib/gcc/avr/4.3.3/avr5\libgcc.a(_gt_sf.o)
                              ./HAL/LCD/LCD_Program.o (__gtsf2)
c:/users/pc/downloads/tools/tools/03- imt sdk/imt_sdk_win_64/winavr/bin/../lib/gcc/avr/4.3.3/avr5\libgcc.a(_ge_sf.o)
                              c:/users/pc/downloads/tools/tools/03- imt sdk/imt_sdk_win_64/winavr/bin/../lib/gcc/avr/4.3.3/avr5\libgcc.a(_fixunssfsi.o) (__gesf2)
c:/users/pc/downloads/tools/tools/03- imt sdk/imt_sdk_win_64/winavr/bin/../lib/gcc/avr/4.3.3/avr5\libgcc.a(_lt_sf.o)
                              ./HAL/LCD/LCD_Program.o (__ltsf2)
c:/users/pc/downloads/tools/tools/03- imt sdk/imt_sdk_win_64/winavr/bin/../lib/gcc/avr/4.3.3/avr5\libgcc.a(_sf_to_si.o)
                              c:/users/pc/downloads/tools/tools/03- imt sdk/imt_sdk_win_64/winavr/bin/../lib/gcc/avr/4.3.3/avr5\libgcc.a(_fixunssfsi.o) (__fixsfsi)
c:/users/pc/downloads/tools/tools/03- imt sdk/imt_sdk_win_64/winavr/bin/../lib/gcc/avr/4.3.3/avr5\libgcc.a(_thenan_sf.o)
                              c:/users/pc/downloads/tools/tools/03- imt sdk/imt_sdk_win_64/winavr/bin/../lib/gcc/avr/4.3.3/avr5\libgcc.a(_addsub_sf.o) (__thenan_sf)
c:/users/pc/downloads/tools/tools/03- imt sdk/imt_sdk_win_64/winavr/bin/../lib/gcc/avr/4.3.3/avr5\libgcc.a(_prologue.o)
                              c:/users/pc/downloads/tools/tools/03- imt sdk/imt_sdk_win_64/winavr/bin/../lib/gcc/avr/4.3.3/avr5\libgcc.a(_addsub_sf.o) (__prologue_saves__)
c:/users/pc/downloads/tools/tools/03- imt sdk/imt_sdk_win_64/winavr/bin/../lib/gcc/avr/4.3.3/avr5\libgcc.a(_epilogue.o)
                              c:/users/pc/downloads/tools/tools/03- imt sdk/imt_sdk_win_64/winavr/bin/../lib/gcc/avr/4.3.3/avr5\libgcc.a(_addsub_sf.o) (__epilogue_restores__)
c:/users/pc/downloads/tools/tools/03- imt sdk/imt_sdk_win_64/winavr/bin/../lib/gcc/avr/4.3.3/avr5\libgcc.a(_pack_sf.o)
                              c:/users/pc/downloads/tools/tools/03- imt sdk/imt_sdk_win_64/winavr/bin/../lib/gcc/avr/4.3.3/avr5\libgcc.a(_addsub_sf.o) (__pack_f)
c:/users/pc/downloads/tools/tools/03- imt sdk/imt_sdk_win_64/winavr/bin/../lib/gcc/avr/4.3.3/avr5\libgcc.a(_unpack_sf.o)
                              c:/users/pc/downloads/tools/tools/03- imt sdk/imt_sdk_win_64/winavr/bin/../lib/gcc/avr/4.3.3/avr5\libgcc.a(_addsub_sf.o) (__unpack_f)
c:/users/pc/downloads/tools/tools/03- imt sdk/imt_sdk_win_64/winavr/bin/../lib/gcc/avr/4.3.3/avr5\libgcc.a(_fpcmp_parts_sf.o)
                              c:/users/pc/downloads/tools/tools/03- imt sdk/imt_sdk_win_64/winavr/bin/../lib/gcc/avr/4.3.3/avr5\libgcc.a(_gt_sf.o) (__fpcmp_parts_f)

Memory Configuration

Name             Origin             Length             Attributes
text             0x00000000         0x00020000         xr
data             0x00800060         0x0000ffa0         rw !x
eeprom           0x00810000         0x00010000         rw !x
fuse             0x00820000         0x00000400         rw !x
lock             0x00830000         0x00000400         rw !x
signature        0x00840000         0x00000400         rw !x
*default*        0x00000000         0xffffffff

Linker script and memory map

LOAD c:/users/pc/downloads/tools/tools/03- imt sdk/imt_sdk_win_64/winavr/bin/../lib/gcc/avr/4.3.3/../../../../avr/lib/avr5/crtm32.o
LOAD ./MCAL/WDT/WDT_Program.o
LOAD ./MCAL/USART/USART_Program.o
LOAD ./MCAL/TIMERS/TIMER1/TIMER1_Program.o
LOAD ./MCAL/SPI/SPI_Program.o
LOAD ./MCAL/ICU/ICU_Program.o
LOAD ./MCAL/I2C/I2C_Program.o
LOAD ./MCAL/GIE/GIE_Program.o
LOAD ./MCAL/EXTI/EXTI_Program.o
LOAD ./MCAL/DIO/DIO_Program.o
LOAD ./MCAL/ADC/ADC_Program.o
LOAD ./HAL/Stepper_Motor/STEPPER_Program.o
LOAD ./HAL/SERVO_MOTOR/SERVO_Program.o
LOAD ./HAL/LED/LED_Program.o
LOAD ./HAL/LCD/LCD_Program.o
LOAD ./HAL/KPAD/KPAD_Program.o
LOAD ./HAL/EEPROM/EEPROM_Program.o
LOAD ./HAL/Button/BUTTON_Program.o
LOAD ./HAL/7-Segment/SEVEN_SEGMENT_Program.o
LOAD ./main.o
LOAD c:/users/pc/downloads/tools/tools/03- imt sdk/imt_sdk_win_64/winavr/bin/../lib/gcc/avr/4.3.3/avr5\libgcc.a
LOAD c:/users/pc/downloads/tools/tools/03- imt sdk/imt_sdk_win_64/winavr/bin/../lib/gcc/avr/4.3.3/../../../../avr/lib/avr5\libc.a
LOAD c:/users/pc/downloads/tools/tools/03- imt sdk/imt_sdk_win_64/winavr/bin/../lib/gcc/avr/4.3.3/avr5\libgcc.a

.hash
 *(.hash)

.dynsym
 *(.dynsym)

.dynstr
 *(.dynstr)

.gnu.version
 *(.gnu.version)

.gnu.version_d
 *(.gnu.version_d)

.gnu.version_r
 *(.gnu.version_r)

.rel.init
 *(.rel.init)

.rela.init
 *(.rela.init)

.rel.text
 *(.rel.text)
 *(.rel.text.*)
 *(.rel.gnu.linkonce.t*)

.rela.text
 *(.rela.text)
 *(.rela.text.*)
 *(.rela.gnu.linkonce.t*)

.rel.fini
 *(.rel.fini)

.rela.fini
 *(.rela.fini)

.rel.rodata
 *(.rel.rodata)
 *(.rel.rodata.*)
 *(.rel.gnu.linkonce.r*)

.rela.rodata
 *(.rela.rodata)
 *(.rela.rodata.*)
 *(.rela.gnu.linkonce.r*)

.rel.data
 *(.rel.data)
 *(.rel.data.*)
 *(.rel.gnu.linkonce.d*)

.rela.data
 *(.rela.data)
 *(.rela.data.*)
 *(.rela.gnu.linkonce.d*)

.rel.ctors
 *(.rel.ctors)

.rela.ctors
 *(.rela.ctors)

.rel.dtors
 *(.rel.dtors)

.rela.dtors
 *(.rela.dtors)

.rel.got
 *(.rel.got)

.rela.got
 *(.rela.got)

.rel.bss
 *(.rel.bss)

.rela.bss
 *(.rela.bss)

.rel.plt
 *(.rel.plt)

.rela.plt
 *(.rela.plt)

.text           0x00000000     0x441e
 *(.vectors)
 .vectors       0x00000000       0x54 c:/users/pc/downloads/tools/tools/03- imt sdk/imt_sdk_win_64/winavr/bin/../lib/gcc/avr/4.3.3/../../../../avr/lib/avr5/crtm32.o
                0x00000000                __vectors
                0x00000000                __vector_default
 *(.vectors)
 *(.progmem.gcc*)
 *(.progmem*)
                0x00000054                . = ALIGN (0x2)
                0x00000054                __trampolines_start = .
 *(.trampolines)
 .trampolines   0x00000054        0x0 linker stubs
 *(.trampolines*)
                0x00000054                __trampolines_end = .
 *(.jumptables)
 *(.jumptables*)
 *(.lowtext)
 *(.lowtext*)
                0x00000054                __ctors_start = .
 *(.ctors)
                0x00000054                __ctors_end = .
                0x00000054                __dtors_start = .
 *(.dtors)
                0x00000054                __dtors_end = .
 SORT(*)(.ctors)
 SORT(*)(.dtors)
 *(.init0)
 .init0         0x00000054        0x0 c:/users/pc/downloads/tools/tools/03- imt sdk/imt_sdk_win_64/winavr/bin/../lib/gcc/avr/4.3.3/../../../../avr/lib/avr5/crtm32.o
                0x00000054                __init
 *(.init0)
 *(.init1)
 *(.init1)
 *(.init2)
 .init2         0x00000054        0xc c:/users/pc/downloads/tools/tools/03- imt sdk/imt_sdk_win_64/winavr/bin/../lib/gcc/avr/4.3.3/../../../../avr/lib/avr5/crtm32.o
 *(.init2)
 *(.init3)
 *(.init3)
 *(.init4)
 .init4         0x00000060       0x16 c:/users/pc/downloads/tools/tools/03- imt sdk/imt_sdk_win_64/winavr/bin/../lib/gcc/avr/4.3.3/avr5\libgcc.a(_copy_data.o)
                0x00000060                __do_copy_data
 .init4         0x00000076       0x10 c:/users/pc/downloads/tools/tools/03- imt sdk/imt_sdk_win_64/winavr/bin/../lib/gcc/avr/4.3.3/avr5\libgcc.a(_clear_bss.o)
                0x00000076                __do_clear_bss
 *(.init4)
 *(.init5)
 *(.init5)
 *(.init6)
 *(.init6)
 *(.init7)
 *(.init7)
 *(.init8)
 *(.init8)
 *(.init9)
 .init9         0x00000086        0x8 c:/users/pc/downloads/tools/tools/03- imt sdk/imt_sdk_win_64/winavr/bin/../lib/gcc/avr/4.3.3/../../../../avr/lib/avr5/crtm32.o
 *(.init9)
 *(.text)
 .text          0x0000008e        0x4 c:/users/pc/downloads/tools/tools/03- imt sdk/imt_sdk_win_64/winavr/bin/../lib/gcc/avr/4.3.3/../../../../avr/lib/avr5/crtm32.o
                0x0000008e                __bad_interrupt
                0x0000008e                __vector_11
                0x0000008e                __vector_17
                0x0000008e                __vector_19
                0x0000008e                __vector_7
                0x0000008e                __vector_5
                0x0000008e                __vector_4
                0x0000008e                __vector_9
                0x0000008e                __vector_8
                0x0000008e                __vector_10
                0x0000008e                __vector_18
                0x0000008e                __vector_20
 .text          0x00000092        0x0 ./MCAL/WDT/WDT_Program.o
 .text          0x00000092        0x0 ./MCAL/USART/USART_Program.o
 .text          0x00000092        0x0 ./MCAL/TIMERS/TIMER1/TIMER1_Program.o
 .text          0x00000092        0x0 ./MCAL/SPI/SPI_Program.o
 .text          0x00000092        0x0 ./MCAL/ICU/ICU_Program.o
 .text          0x00000092        0x0 ./MCAL/I2C/I2C_Program.o
 .text          0x00000092        0x0 ./MCAL/GIE/GIE_Program.o
 .text          0x00000092        0x0 ./MCAL/EXTI/EXTI_Program.o
 .text          0x00000092        0x0 ./MCAL/DIO/DIO_Program.o
 .text          0x00000092        0x0 ./MCAL/ADC/ADC_Program.o
 .text          0x00000092        0x0 ./HAL/Stepper_Motor/STEPPER_Program.o
 .text          0x00000092        0x0 ./HAL/SERVO_MOTOR/SERVO_Program.o
 .text          0x00000092        0x0 ./HAL/LED/LED_Program.o
 .text          0x00000092        0x0 ./HAL/LCD/LCD_Program.o
 .text          0x00000092        0x0 ./HAL/KPAD/KPAD_Program.o
 .text          0x00000092        0x0 ./HAL/EEPROM/EEPROM_Program.o
 .text          0x00000092        0x0 ./HAL/Button/BUTTON_Program.o
 .text          0x00000092        0x0 ./HAL/7-Segment/SEVEN_SEGMENT_Program.o
 .text          0x00000092        0x0 ./main.o
 .text          0x00000092        0x0 c:/users/pc/downloads/tools/tools/03- imt sdk/imt_sdk_win_64/winavr/bin/../lib/gcc/avr/4.3.3/avr5\libgcc.a(_mulsi3.o)
 .text          0x00000092        0x0 c:/users/pc/downloads/tools/tools/03- imt sdk/imt_sdk_win_64/winavr/bin/../lib/gcc/avr/4.3.3/avr5\libgcc.a(_udivmodhi4.o)
 .text          0x00000092        0x0 c:/users/pc/downloads/tools/tools/03- imt sdk/imt_sdk_win_64/winavr/bin/../lib/gcc/avr/4.3.3/avr5\libgcc.a(_udivmodsi4.o)
 .text          0x00000092        0x0 c:/users/pc/downloads/tools/tools/03- imt sdk/imt_sdk_win_64/winavr/bin/../lib/gcc/avr/4.3.3/avr5\libgcc.a(_exit.o)
 .text          0x00000092        0x0 c:/users/pc/downloads/tools/tools/03- imt sdk/imt_sdk_win_64/winavr/bin/../lib/gcc/avr/4.3.3/avr5\libgcc.a(_copy_data.o)
 .text          0x00000092        0x0 c:/users/pc/downloads/tools/tools/03- imt sdk/imt_sdk_win_64/winavr/bin/../lib/gcc/avr/4.3.3/avr5\libgcc.a(_clear_bss.o)
 .text          0x00000092       0x58 c:/users/pc/downloads/tools/tools/03- imt sdk/imt_sdk_win_64/winavr/bin/../lib/gcc/avr/4.3.3/avr5\libgcc.a(_fixunssfsi.o)
                0x00000092                __fixunssfsi
 .text          0x000000ea      0x354 c:/users/pc/downloads/tools/tools/03- imt sdk/imt_sdk_win_64/winavr/bin/../lib/gcc/avr/4.3.3/avr5\libgcc.a(_addsub_sf.o)
                0x00000382                __subsf3
                0x000003e4                __addsf3
 .text          0x0000043e      0x1f4 c:/users/pc/downloads/tools/tools/03- imt sdk/imt_sdk_win_64/winavr/bin/../lib/gcc/avr/4.3.3/avr5\libgcc.a(_mul_sf.o)
                0x0000043e                __mulsf3
 .text          0x00000632       0x60 c:/users/pc/downloads/tools/tools/03- imt sdk/imt_sdk_win_64/winavr/bin/../lib/gcc/avr/4.3.3/avr5\libgcc.a(_gt_sf.o)
                0x00000632                __gtsf2
 .text          0x00000692       0x60 c:/users/pc/downloads/tools/tools/03- imt sdk/imt_sdk_win_64/winavr/bin/../lib/gcc/avr/4.3.3/avr5\libgcc.a(_ge_sf.o)
                0x00000692                __gesf2
 .text          0x000006f2       0x60 c:/users/pc/downloads/tools/tools/03- imt sdk/imt_sdk_win_64/winavr/bin/../lib/gcc/avr/4.3.3/avr5\libgcc.a(_lt_sf.o)
                0x000006f2                __ltsf2
 .text          0x00000752       0xa8 c:/users/pc/downloads/tools/tools/03- imt sdk/imt_sdk_win_64/winavr/bin/../lib/gcc/avr/4.3.3/avr5\libgcc.a(_sf_to_si.o)
                0x00000752                __fixsfsi
 .text          0x000007fa        0x0 c:/users/pc/downloads/tools/tools/03- imt sdk/imt_sdk_win_64/winavr/bin/../lib/gcc/avr/4.3.3/avr5\libgcc.a(_thenan_sf.o)
 .text          0x000007fa        0x0 c:/users/pc/downloads/tools/tools/03- imt sdk/imt_sdk_win_64/winavr/bin/../lib/gcc/avr/4.3.3/avr5\libgcc.a(_prologue.o)
 .text          0x000007fa        0x0 c:/users/pc/downloads/tools/tools/03- imt sdk/imt_sdk_win_64/winavr/bin/../lib/gcc/avr/4.3.3/avr5\libgcc.a(_epilogue.o)
 .text          0x000007fa      0x1aa c:/users/pc/downloads/tools/tools/03- imt sdk/imt_sdk_win_64/winavr/bin/../lib/gcc/avr/4.3.3/avr5\libgcc.a(_pack_sf.o)
                0x000007fa                __pack_f
 .text          0x000009a4       0xf0 c:/users/pc/downloads/tools/tools/03- imt sdk/imt_sdk_win_64/winavr/bin/../lib/gcc/avr/4.3.3/avr5\libgcc.a(_unpack_sf.o)
                0x000009a4                __unpack_f
 .text          0x00000a94       0xb2 c:/users/pc/downloads/tools/tools/03- imt sdk/imt_sdk_win_64/winavr/bin/../lib/gcc/avr/4.3.3/avr5\libgcc.a(_fpcmp_parts_sf.o)
                0x00000a94                __fpcmp_parts_f
                0x00000b46                . = ALIGN (0x2)
 *(.text.*)
 .text.WDT_voidEnable
                0x00000b46       0x46 ./MCAL/WDT/WDT_Program.o
                0x00000b46                WDT_voidEnable
 .text.WDT_voidReset
                0x00000b8c       0x10 ./MCAL/WDT/WDT_Program.o
                0x00000b8c                WDT_voidReset
 .text.WDT_voidDisable
                0x00000b9c       0x2e ./MCAL/WDT/WDT_Program.o
                0x00000b9c                WDT_voidDisable
 .text.USART_voidInit
                0x00000bca       0xd0 ./MCAL/USART/USART_Program.o
                0x00000bca                USART_voidInit
 .text.USART_voidSendData
                0x00000c9a       0x3c ./MCAL/USART/USART_Program.o
                0x00000c9a                USART_voidSendData
 .text.USART_voidRecieveData
                0x00000cd6       0x2e ./MCAL/USART/USART_Program.o
                0x00000cd6                USART_voidRecieveData
 .text.USART_voidAsyncSendData
                0x00000d04       0x4c ./MCAL/USART/USART_Program.o
                0x00000d04                USART_voidAsyncSendData
 .text.USART_voidAsyncRecieveData
                0x00000d50       0x32 ./MCAL/USART/USART_Program.o
                0x00000d50                USART_voidAsyncRecieveData
 .text.__vector_13
                0x00000d82       0x44 ./MCAL/USART/USART_Program.o
                0x00000d82                __vector_13
 .text.__vector_14
                0x00000dc6       0x36 ./MCAL/USART/USART_Program.o
                0x00000dc6                __vector_14
 .text.__vector_15
                0x00000dfc       0x5a ./MCAL/USART/USART_Program.o
                0x00000dfc                __vector_15
 .text.TIMER1_voidInit
                0x00000e56       0xb6 ./MCAL/TIMERS/TIMER1/TIMER1_Program.o
                0x00000e56                TIMER1_voidInit
 .text.TIMER1_voidSetCallBack_OVF
                0x00000f0c       0x24 ./MCAL/TIMERS/TIMER1/TIMER1_Program.o
                0x00000f0c                TIMER1_voidSetCallBack_OVF
 .text.TIMER1_voidSetCallBack_CTC
                0x00000f30       0x24 ./MCAL/TIMERS/TIMER1/TIMER1_Program.o
                0x00000f30                TIMER1_voidSetCallBack_CTC
 .text.TIMER1_voidSetPreloadValue
                0x00000f54       0x18 ./MCAL/TIMERS/TIMER1/TIMER1_Program.o
                0x00000f54                TIMER1_voidSetPreloadValue
 .text.TIMER1_voidSetCompareMatchValue_T1A
                0x00000f6c       0x30 ./MCAL/TIMERS/TIMER1/TIMER1_Program.o
                0x00000f6c                TIMER1_voidSetCompareMatchValue_T1A
 .text.TIMER1_voidSetCompareMatchValue_T1B
                0x00000f9c       0x30 ./MCAL/TIMERS/TIMER1/TIMER1_Program.o
                0x00000f9c                TIMER1_voidSetCompareMatchValue_T1B
 .text.TIMER1_voidBahaa_u16PWM_T1A
                0x00000fcc       0x36 ./MCAL/TIMERS/TIMER1/TIMER1_Program.o
                0x00000fcc                TIMER1_voidBahaa_u16PWM_T1A
 .text.TIMER1_voidBahaa_u16PWM_T1B
                0x00001002       0x36 ./MCAL/TIMERS/TIMER1/TIMER1_Program.o
                0x00001002                TIMER1_voidBahaa_u16PWM_T1B
 .text.SPI_voidMasterInit
                0x00001038       0xb0 ./MCAL/SPI/SPI_Program.o
                0x00001038                SPI_voidMasterInit
 .text.SPI_voidSlaveInit
                0x000010e8       0x86 ./MCAL/SPI/SPI_Program.o
                0x000010e8                SPI_voidSlaveInit
 .text.SPI_u8TranceiveData
                0x0000116e       0x3a ./MCAL/SPI/SPI_Program.o
                0x0000116e                SPI_u8TranceiveData
 .text.SPI_voidTransmitData
                0x000011a8       0x34 ./MCAL/SPI/SPI_Program.o
                0x000011a8                SPI_voidTransmitData
 .text.SPI_voidRecieveData
                0x000011dc       0x14 ./MCAL/SPI/SPI_Program.o
                0x000011dc                SPI_voidRecieveData
 .text.SPI_voidTranceiveString
                0x000011f0       0x8e ./MCAL/SPI/SPI_Program.o
                0x000011f0                SPI_voidTranceiveString
 .text.SPI_u8AsynTranceiveData
                0x0000127e       0x2a ./MCAL/SPI/SPI_Program.o
                0x0000127e                SPI_u8AsynTranceiveData
 .text.SPI_voidSetCallBack
                0x000012a8       0x24 ./MCAL/SPI/SPI_Program.o
                0x000012a8                SPI_voidSetCallBack
 .text.__vector_12
                0x000012cc       0x86 ./MCAL/SPI/SPI_Program.o
                0x000012cc                __vector_12
 .text.ICU_voidInit
                0x00001352       0x96 ./MCAL/ICU/ICU_Program.o
                0x00001352                ICU_voidInit
 .text.ICU_voidDisableInterrupt
                0x000013e8       0x1c ./MCAL/ICU/ICU_Program.o
                0x000013e8                ICU_voidDisableInterrupt
 .text.ICU_voidEdgeSelect
                0x00001404       0x56 ./MCAL/ICU/ICU_Program.o
                0x00001404                ICU_voidEdgeSelect
 .text.ICU_u16GetReadICR1
                0x0000145a       0x16 ./MCAL/ICU/ICU_Program.o
                0x0000145a                ICU_u16GetReadICR1
 .text.ICU_SetCallBackFun
                0x00001470       0x24 ./MCAL/ICU/ICU_Program.o
                0x00001470                ICU_SetCallBackFun
 .text.__vector_6
                0x00001494       0x66 ./MCAL/ICU/ICU_Program.o
                0x00001494                __vector_6
 .text.I2C_voidMasterInit
                0x000014fa       0x5a ./MCAL/I2C/I2C_Program.o
                0x000014fa                I2C_voidMasterInit
 .text.I2C_Master_u8StartCondition
                0x00001554       0x54 ./MCAL/I2C/I2C_Program.o
                0x00001554                I2C_Master_u8StartCondition
 .text.I2C_Master_u8ReStartCondition
                0x000015a8       0x54 ./MCAL/I2C/I2C_Program.o
                0x000015a8                I2C_Master_u8ReStartCondition
 .text.I2C_Master_u8SendSLA_Write_ACK
                0x000015fc       0x70 ./MCAL/I2C/I2C_Program.o
                0x000015fc                I2C_Master_u8SendSLA_Write_ACK
 .text.I2C_Master_u8SendSLA_Write_NOTACK
                0x0000166c       0x74 ./MCAL/I2C/I2C_Program.o
                0x0000166c                I2C_Master_u8SendSLA_Write_NOTACK
 .text.I2C_Master_u8SendSLA_Read_ACK
                0x000016e0       0x70 ./MCAL/I2C/I2C_Program.o
                0x000016e0                I2C_Master_u8SendSLA_Read_ACK
 .text.I2C_Master_u8SendSLA_Read_NOTACK
                0x00001750       0x74 ./MCAL/I2C/I2C_Program.o
                0x00001750                I2C_Master_u8SendSLA_Read_NOTACK
 .text.I2C_Master_u8WriteDataByte_ACK
                0x000017c4       0x52 ./MCAL/I2C/I2C_Program.o
                0x000017c4                I2C_Master_u8WriteDataByte_ACK
 .text.I2C_Master_u8WriteDataByte_NOTACK
                0x00001816       0x56 ./MCAL/I2C/I2C_Program.o
                0x00001816                I2C_Master_u8WriteDataByte_NOTACK
 .text.I2C_Master_u8ReadDataByte_ACK
                0x0000186c       0x5c ./MCAL/I2C/I2C_Program.o
                0x0000186c                I2C_Master_u8ReadDataByte_ACK
 .text.I2C_Master_u8ReadDataByte_NOTACK
                0x000018c8       0x60 ./MCAL/I2C/I2C_Program.o
                0x000018c8                I2C_Master_u8ReadDataByte_NOTACK
 .text.I2C_Master_voidStopCondition
                0x00001928       0x2a ./MCAL/I2C/I2C_Program.o
                0x00001928                I2C_Master_voidStopCondition
 .text.I2C_voidSlaveInit
                0x00001952       0x30 ./MCAL/I2C/I2C_Program.o
                0x00001952                I2C_voidSlaveInit
 .text.I2C_SLAVE_u8OwnSLA_Write_Recieved_ACK
                0x00001982       0x46 ./MCAL/I2C/I2C_Program.o
                0x00001982                I2C_SLAVE_u8OwnSLA_Write_Recieved_ACK
 .text.I2C_SLAVE_u8OwnSLA_Read_Recieved_ACK
                0x000019c8       0x46 ./MCAL/I2C/I2C_Program.o
                0x000019c8                I2C_SLAVE_u8OwnSLA_Read_Recieved_ACK
 .text.I2C_SLAVE_u8DataByteRecieved_ACK
                0x00001a0e       0x5c ./MCAL/I2C/I2C_Program.o
                0x00001a0e                I2C_SLAVE_u8DataByteRecieved_ACK
 .text.I2C_SLAVE_u8DataByteRecieved_NOTACK
                0x00001a6a       0x60 ./MCAL/I2C/I2C_Program.o
                0x00001a6a                I2C_SLAVE_u8DataByteRecieved_NOTACK
 .text.I2C_SLAVE_u8DataByteTransmit_ACK
                0x00001aca       0x52 ./MCAL/I2C/I2C_Program.o
                0x00001aca                I2C_SLAVE_u8DataByteTransmit_ACK
 .text.I2C_SLAVE_u8DataByteTransmit_NOTACK
                0x00001b1c       0x56 ./MCAL/I2C/I2C_Program.o
                0x00001b1c                I2C_SLAVE_u8DataByteTransmit_NOTACK
 .text.Enable_ACK
                0x00001b72       0x1c ./MCAL/I2C/I2C_Program.o
                0x00001b72                Enable_ACK
 .text.Disable_ACK
                0x00001b8e       0x1c ./MCAL/I2C/I2C_Program.o
                0x00001b8e                Disable_ACK
 .text.GIE_void_GI_Enable
                0x00001baa       0x54 ./MCAL/GIE/GIE_Program.o
                0x00001baa                GIE_void_GI_Enable
 .text.EXTI_voidEnable
                0x00001bfe      0x228 ./MCAL/EXTI/EXTI_Program.o
                0x00001bfe                EXTI_voidEnable
 .text.EXTI_voidDisable
                0x00001e26       0x6e ./MCAL/EXTI/EXTI_Program.o
                0x00001e26                EXTI_voidDisable
 .text.EXTI_voidSetCallBack
                0x00001e94       0x72 ./MCAL/EXTI/EXTI_Program.o
                0x00001e94                EXTI_voidSetCallBack
 .text.__vector_1
                0x00001f06       0x66 ./MCAL/EXTI/EXTI_Program.o
                0x00001f06                __vector_1
 .text.__vector_2
                0x00001f6c       0x66 ./MCAL/EXTI/EXTI_Program.o
                0x00001f6c                __vector_2
 .text.__vector_3
                0x00001fd2       0x66 ./MCAL/EXTI/EXTI_Program.o
                0x00001fd2                __vector_3
 .text.DIO_voidSetPinDirection
                0x00002038      0x220 ./MCAL/DIO/DIO_Program.o
                0x00002038                DIO_voidSetPinDirection
 .text.DIO_voidSetPortDirection
                0x00002258      0x112 ./MCAL/DIO/DIO_Program.o
                0x00002258                DIO_voidSetPortDirection
 .text.DIO_voidSetPinValue
                0x0000236a      0x220 ./MCAL/DIO/DIO_Program.o
                0x0000236a                DIO_voidSetPinValue
 .text.DIO_voidSetPortValue
                0x0000258a       0x88 ./MCAL/DIO/DIO_Program.o
                0x0000258a                DIO_voidSetPortValue
 .text.DIO_u8GetPinValue
                0x00002612      0x100 ./MCAL/DIO/DIO_Program.o
                0x00002612                DIO_u8GetPinValue
 .text.DIO_u8GetPortValue
                0x00002712       0x88 ./MCAL/DIO/DIO_Program.o
                0x00002712                DIO_u8GetPortValue
 .text.DIO_voidTogglePinValue
                0x0000279a      0x10a ./MCAL/DIO/DIO_Program.o
                0x0000279a                DIO_voidTogglePinValue
 .text.DIO_voidTogglePortValue
                0x000028a4       0x9e ./MCAL/DIO/DIO_Program.o
                0x000028a4                DIO_voidTogglePortValue
 .text.DIO_voidConfig_Pull_Up_Pin
                0x00002942       0x62 ./MCAL/DIO/DIO_Program.o
                0x00002942                DIO_voidConfig_Pull_Up_Pin
 .text.DIO_voidConfig_Pull_Up_Port
                0x000029a4       0x52 ./MCAL/DIO/DIO_Program.o
                0x000029a4                DIO_voidConfig_Pull_Up_Port
 .text.ADC_voidInit
                0x000029f6       0x70 ./MCAL/ADC/ADC_Program.o
                0x000029f6                ADC_voidInit
 .text.ADC_u16ReadSynchronus
                0x00002a66      0x15a ./MCAL/ADC/ADC_Program.o
                0x00002a66                ADC_u16ReadSynchronus
 .text.ADC_u16ReadASynchronus
                0x00002bc0      0x184 ./MCAL/ADC/ADC_Program.o
                0x00002bc0                ADC_u16ReadASynchronus
 .text.ADC_getTemperature
                0x00002d44       0x84 ./MCAL/ADC/ADC_Program.o
                0x00002d44                ADC_getTemperature
 .text.__vector_16
                0x00002dc8       0x7e ./MCAL/ADC/ADC_Program.o
                0x00002dc8                __vector_16
 .text.SERVO_voidRotateSpecificAngle_OC1A
                0x00002e46       0x82 ./HAL/SERVO_MOTOR/SERVO_Program.o
                0x00002e46                SERVO_voidRotateSpecificAngle_OC1A
 .text.SERVO_voidRotateSpecificAngle_OC1B
                0x00002ec8       0x82 ./HAL/SERVO_MOTOR/SERVO_Program.o
                0x00002ec8                SERVO_voidRotateSpecificAngle_OC1B
 .text.LED_voidInit_Led_Pin
                0x00002f4a       0x2e ./HAL/LED/LED_Program.o
                0x00002f4a                LED_voidInit_Led_Pin
 .text.LED_voidInit_8Leds_Port
                0x00002f78       0x22 ./HAL/LED/LED_Program.o
                0x00002f78                LED_voidInit_8Leds_Port
 .text.LED_voidStatus_Led_Pin
                0x00002f9a       0x62 ./HAL/LED/LED_Program.o
                0x00002f9a                LED_voidStatus_Led_Pin
 .text.LED_voidStatus_8Leds_Port
                0x00002ffc       0x52 ./HAL/LED/LED_Program.o
                0x00002ffc                LED_voidStatus_8Leds_Port
 .text.LED_voidToggle_Led_Pin
                0x0000304e       0x2c ./HAL/LED/LED_Program.o
                0x0000304e                LED_voidToggle_Led_Pin
 .text.LED_voidToggle_8Leds_Port
                0x0000307a       0x20 ./HAL/LED/LED_Program.o
                0x0000307a                LED_voidToggle_8Leds_Port
 .text.LCD_voidInit
                0x0000309a      0x50a ./HAL/LCD/LCD_Program.o
                0x0000309a                LCD_voidInit
 .text.LCD_voidWriteCommand
                0x000035a4      0x13c ./HAL/LCD/LCD_Program.o
                0x000035a4                LCD_voidWriteCommand
 .text.LCD_voidWriteChar
                0x000036e0      0x13c ./HAL/LCD/LCD_Program.o
                0x000036e0                LCD_voidWriteChar
 .text.LCD_voidWriteString
                0x0000381c       0x52 ./HAL/LCD/LCD_Program.o
                0x0000381c                LCD_voidWriteString
 .text.LCD_voidWrite_u32Number
                0x0000386e       0xde ./HAL/LCD/LCD_Program.o
                0x0000386e                LCD_voidWrite_u32Number
 .text.LCD_voidGoTo_XY
                0x0000394c       0x5a ./HAL/LCD/LCD_Program.o
                0x0000394c                LCD_voidGoTo_XY
 .text.LCD_voidDrawPattern
                0x000039a6       0x4c ./HAL/LCD/LCD_Program.o
                0x000039a6                LCD_voidDrawPattern
 .text.LCD_voidWritePattern
                0x000039f2       0x2c ./HAL/LCD/LCD_Program.o
                0x000039f2                LCD_voidWritePattern
 .text.LCD_voidClearDisplay
                0x00003a1e       0x14 ./HAL/LCD/LCD_Program.o
                0x00003a1e                LCD_voidClearDisplay
 .text.LCD_voidShiftLeft
                0x00003a32       0x14 ./HAL/LCD/LCD_Program.o
                0x00003a32                LCD_voidShiftLeft
 .text.LCD_voidShiftRight
                0x00003a46       0x14 ./HAL/LCD/LCD_Program.o
                0x00003a46                LCD_voidShiftRight
 .text.LCD_voidClearGrid
                0x00003a5a       0x26 ./HAL/LCD/LCD_Program.o
                0x00003a5a                LCD_voidClearGrid
 .text.LCD_voidClearLine
                0x00003a80       0x34 ./HAL/LCD/LCD_Program.o
                0x00003a80                LCD_voidClearLine
 .text.KPAD_voidInit
                0x00003ab4       0xae ./HAL/KPAD/KPAD_Program.o
                0x00003ab4                KPAD_voidInit
 .text.KPAD_u8GetPressedKey
                0x00003b62       0xe6 ./HAL/KPAD/KPAD_Program.o
                0x00003b62                KPAD_u8GetPressedKey
 .text.EEPROM_voidSendDataByte
                0x00003c48      0x136 ./HAL/EEPROM/EEPROM_Program.o
                0x00003c48                EEPROM_voidSendDataByte
 .text.EEPROM_voidReadDataByte
                0x00003d7e      0x142 ./HAL/EEPROM/EEPROM_Program.o
                0x00003d7e                EEPROM_voidReadDataByte
 .text.BUTTON_voidInit_Button_Pin
                0x00003ec0       0x3e ./HAL/Button/BUTTON_Program.o
                0x00003ec0                BUTTON_voidInit_Button_Pin
 .text.BUTTON_voidInit_8Buttons_Port
                0x00003efe       0x2e ./HAL/Button/BUTTON_Program.o
                0x00003efe                BUTTON_voidInit_8Buttons_Port
 .text.BUTTON_u8Get_Button_Pin
                0x00003f2c       0x34 ./HAL/Button/BUTTON_Program.o
                0x00003f2c                BUTTON_u8Get_Button_Pin
 .text.BUTTON_u8Get_8Buttons_Port
                0x00003f60       0x26 ./HAL/Button/BUTTON_Program.o
                0x00003f60                BUTTON_u8Get_8Buttons_Port
 .text.SEGMENT_voidInitSegmentPort
                0x00003f86       0x7e ./HAL/7-Segment/SEVEN_SEGMENT_Program.o
                0x00003f86                SEGMENT_voidInitSegmentPort
 .text.SEGMENT_voidPrintNumber
                0x00004004      0x196 ./HAL/7-Segment/SEVEN_SEGMENT_Program.o
                0x00004004                SEGMENT_voidPrintNumber
 .text.main     0x0000419a      0x168 ./main.o
                0x0000419a                main
 .text.libgcc   0x00004302       0x3e c:/users/pc/downloads/tools/tools/03- imt sdk/imt_sdk_win_64/winavr/bin/../lib/gcc/avr/4.3.3/avr5\libgcc.a(_mulsi3.o)
                0x00004302                __mulsi3
 .text.libgcc   0x00004340       0x28 c:/users/pc/downloads/tools/tools/03- imt sdk/imt_sdk_win_64/winavr/bin/../lib/gcc/avr/4.3.3/avr5\libgcc.a(_udivmodhi4.o)
                0x00004340                __udivmodhi4
 .text.libgcc   0x00004368       0x44 c:/users/pc/downloads/tools/tools/03- imt sdk/imt_sdk_win_64/winavr/bin/../lib/gcc/avr/4.3.3/avr5\libgcc.a(_udivmodsi4.o)
                0x00004368                __udivmodsi4
 .text.libgcc   0x000043ac        0x0 c:/users/pc/downloads/tools/tools/03- imt sdk/imt_sdk_win_64/winavr/bin/../lib/gcc/avr/4.3.3/avr5\libgcc.a(_exit.o)
 .text.libgcc   0x000043ac        0x0 c:/users/pc/downloads/tools/tools/03- imt sdk/imt_sdk_win_64/winavr/bin/../lib/gcc/avr/4.3.3/avr5\libgcc.a(_copy_data.o)
 .text.libgcc   0x000043ac        0x0 c:/users/pc/downloads/tools/tools/03- imt sdk/imt_sdk_win_64/winavr/bin/../lib/gcc/avr/4.3.3/avr5\libgcc.a(_clear_bss.o)
 .text.libgcc   0x000043ac       0x38 c:/users/pc/downloads/tools/tools/03- imt sdk/imt_sdk_win_64/winavr/bin/../lib/gcc/avr/4.3.3/avr5\libgcc.a(_prologue.o)
                0x000043ac                __prologue_saves__
 .text.libgcc   0x000043e4       0x36 c:/users/pc/downloads/tools/tools/03- imt sdk/imt_sdk_win_64/winavr/bin/../lib/gcc/avr/4.3.3/avr5\libgcc.a(_epilogue.o)
                0x000043e4                __epilogue_restores__
                0x0000441a                . = ALIGN (0x2)
 *(.fini9)
 .fini9         0x0000441a        0x0 c:/users/pc/downloads/tools/tools/03- imt sdk/imt_sdk_win_64/winavr/bin/../lib/gcc/avr/4.3.3/avr5\libgcc.a(_exit.o)
                0x0000441a                exit
                0x0000441a                _exit
 *(.fini9)
 *(.fini8)
 *(.fini8)
 *(.fini7)
 *(.fini7)
 *(.fini6)
 *(.fini6)
 *(.fini5)
 *(.fini5)
 *(.fini4)
 *(.fini4)
 *(.fini3)
 *(.fini3)
 *(.fini2)
 *(.fini2)
 *(.fini1)
 *(.fini1)
 *(.fini0)
 .fini0         0x0000441a        0x4 c:/users/pc/downloads/tools/tools/03- imt sdk/imt_sdk_win_64/winavr/bin/../lib/gcc/avr/4.3.3/avr5\libgcc.a(_exit.o)
 *(.fini0)
                0x0000441e                _etext = .

.data           0x00800060       0x36 load address 0x0000441e
                0x00800060                PROVIDE (__data_start, .)
 *(.data)
 .data          0x00800060        0x0 c:/users/pc/downloads/tools/tools/03- imt sdk/imt_sdk_win_64/winavr/bin/../lib/gcc/avr/4.3.3/../../../../avr/lib/avr5/crtm32.o
 .data          0x00800060        0x0 ./MCAL/WDT/WDT_Program.o
 .data          0x00800060        0x0 ./MCAL/USART/USART_Program.o
 .data          0x00800060        0x0 ./MCAL/TIMERS/TIMER1/TIMER1_Program.o
 .data          0x00800060        0x0 ./MCAL/SPI/SPI_Program.o
 .data          0x00800060        0x0 ./MCAL/ICU/ICU_Program.o
 .data          0x00800060        0x0 ./MCAL/I2C/I2C_Program.o
 .data          0x00800060        0x0 ./MCAL/GIE/GIE_Program.o
 .data          0x00800060        0x0 ./MCAL/EXTI/EXTI_Program.o
 .data          0x00800060        0x0 ./MCAL/DIO/DIO_Program.o
 .data          0x00800060        0x0 ./MCAL/ADC/ADC_Program.o
 .data          0x00800060        0x0 ./HAL/Stepper_Motor/STEPPER_Program.o
 .data          0x00800060        0x0 ./HAL/SERVO_MOTOR/SERVO_Program.o
 .data          0x00800060        0x0 ./HAL/LED/LED_Program.o
 .data          0x00800060        0x0 ./HAL/LCD/LCD_Program.o
 .data          0x00800060        0x0 ./HAL/KPAD/KPAD_Program.o
 .data          0x00800060        0x0 ./HAL/EEPROM/EEPROM_Program.o
 .data          0x00800060        0x0 ./HAL/Button/BUTTON_Program.o
 .data          0x00800060        0x0 ./HAL/7-Segment/SEVEN_SEGMENT_Program.o
 .data          0x00800060        0xb ./main.o
 .data          0x0080006b        0x0 c:/users/pc/downloads/tools/tools/03- imt sdk/imt_sdk_win_64/winavr/bin/../lib/gcc/avr/4.3.3/avr5\libgcc.a(_mulsi3.o)
 .data          0x0080006b        0x0 c:/users/pc/downloads/tools/tools/03- imt sdk/imt_sdk_win_64/winavr/bin/../lib/gcc/avr/4.3.3/avr5\libgcc.a(_udivmodhi4.o)
 .data          0x0080006b        0x0 c:/users/pc/downloads/tools/tools/03- imt sdk/imt_sdk_win_64/winavr/bin/../lib/gcc/avr/4.3.3/avr5\libgcc.a(_udivmodsi4.o)
 .data          0x0080006b        0x0 c:/users/pc/downloads/tools/tools/03- imt sdk/imt_sdk_win_64/winavr/bin/../lib/gcc/avr/4.3.3/avr5\libgcc.a(_exit.o)
 .data          0x0080006b        0x0 c:/users/pc/downloads/tools/tools/03- imt sdk/imt_sdk_win_64/winavr/bin/../lib/gcc/avr/4.3.3/avr5\libgcc.a(_copy_data.o)
 .data          0x0080006b        0x0 c:/users/pc/downloads/tools/tools/03- imt sdk/imt_sdk_win_64/winavr/bin/../lib/gcc/avr/4.3.3/avr5\libgcc.a(_clear_bss.o)
 .data          0x0080006b        0x0 c:/users/pc/downloads/tools/tools/03- imt sdk/imt_sdk_win_64/winavr/bin/../lib/gcc/avr/4.3.3/avr5\libgcc.a(_fixunssfsi.o)
 .data          0x0080006b        0x0 c:/users/pc/downloads/tools/tools/03- imt sdk/imt_sdk_win_64/winavr/bin/../lib/gcc/avr/4.3.3/avr5\libgcc.a(_addsub_sf.o)
 .data          0x0080006b        0x0 c:/users/pc/downloads/tools/tools/03- imt sdk/imt_sdk_win_64/winavr/bin/../lib/gcc/avr/4.3.3/avr5\libgcc.a(_mul_sf.o)
 .data          0x0080006b        0x0 c:/users/pc/downloads/tools/tools/03- imt sdk/imt_sdk_win_64/winavr/bin/../lib/gcc/avr/4.3.3/avr5\libgcc.a(_gt_sf.o)
 .data          0x0080006b        0x0 c:/users/pc/downloads/tools/tools/03- imt sdk/imt_sdk_win_64/winavr/bin/../lib/gcc/avr/4.3.3/avr5\libgcc.a(_ge_sf.o)
 .data          0x0080006b        0x0 c:/users/pc/downloads/tools/tools/03- imt sdk/imt_sdk_win_64/winavr/bin/../lib/gcc/avr/4.3.3/avr5\libgcc.a(_lt_sf.o)
 .data          0x0080006b        0x0 c:/users/pc/downloads/tools/tools/03- imt sdk/imt_sdk_win_64/winavr/bin/../lib/gcc/avr/4.3.3/avr5\libgcc.a(_sf_to_si.o)
 .data          0x0080006b        0x8 c:/users/pc/downloads/tools/tools/03- imt sdk/imt_sdk_win_64/winavr/bin/../lib/gcc/avr/4.3.3/avr5\libgcc.a(_thenan_sf.o)
                0x0080006b                __thenan_sf
 .data          0x00800073        0x0 c:/users/pc/downloads/tools/tools/03- imt sdk/imt_sdk_win_64/winavr/bin/../lib/gcc/avr/4.3.3/avr5\libgcc.a(_prologue.o)
 .data          0x00800073        0x0 c:/users/pc/downloads/tools/tools/03- imt sdk/imt_sdk_win_64/winavr/bin/../lib/gcc/avr/4.3.3/avr5\libgcc.a(_epilogue.o)
 .data          0x00800073        0x0 c:/users/pc/downloads/tools/tools/03- imt sdk/imt_sdk_win_64/winavr/bin/../lib/gcc/avr/4.3.3/avr5\libgcc.a(_pack_sf.o)
 .data          0x00800073        0x0 c:/users/pc/downloads/tools/tools/03- imt sdk/imt_sdk_win_64/winavr/bin/../lib/gcc/avr/4.3.3/avr5\libgcc.a(_unpack_sf.o)
 .data          0x00800073        0x0 c:/users/pc/downloads/tools/tools/03- imt sdk/imt_sdk_win_64/winavr/bin/../lib/gcc/avr/4.3.3/avr5\libgcc.a(_fpcmp_parts_sf.o)
 *(.data*)
 .data.KPAD_Au8ColumnsArr
                0x00800073        0x4 ./HAL/KPAD/KPAD_Program.o
                0x00800073                KPAD_Au8ColumnsArr
 .data.KPAD_Au8RowsArr
                0x00800077        0x4 ./HAL/KPAD/KPAD_Program.o
                0x00800077                KPAD_Au8RowsArr
 .data.KPAD_Au8KeysArr
                0x0080007b       0x10 ./HAL/KPAD/KPAD_Program.o
                0x0080007b                KPAD_Au8KeysArr
 .data.Common_Anode_Arr
                0x0080008b        0xa ./HAL/7-Segment/SEVEN_SEGMENT_Program.o
                0x0080008b                Common_Anode_Arr
 *(.rodata)
 *(.rodata*)
 *(.gnu.linkonce.d*)
                0x00800096                . = ALIGN (0x2)
 *fill*         0x00800095        0x1 00
                0x00800096                _edata = .
                0x00800096                PROVIDE (__data_end, .)

.bss            0x00800096       0x1e
                0x00800096                PROVIDE (__bss_start, .)
 *(.bss)
 .bss           0x00800096        0x0 c:/users/pc/downloads/tools/tools/03- imt sdk/imt_sdk_win_64/winavr/bin/../lib/gcc/avr/4.3.3/../../../../avr/lib/avr5/crtm32.o
 .bss           0x00800096        0x0 ./MCAL/WDT/WDT_Program.o
 .bss           0x00800096        0x0 ./MCAL/USART/USART_Program.o
 .bss           0x00800096        0x0 ./MCAL/TIMERS/TIMER1/TIMER1_Program.o
 .bss           0x00800096        0x0 ./MCAL/SPI/SPI_Program.o
 .bss           0x00800096        0x0 ./MCAL/ICU/ICU_Program.o
 .bss           0x00800096        0x0 ./MCAL/I2C/I2C_Program.o
 .bss           0x00800096        0x0 ./MCAL/GIE/GIE_Program.o
 .bss           0x00800096        0x0 ./MCAL/EXTI/EXTI_Program.o
 .bss           0x00800096        0x0 ./MCAL/DIO/DIO_Program.o
 .bss           0x00800096        0x0 ./MCAL/ADC/ADC_Program.o
 .bss           0x00800096        0x0 ./HAL/Stepper_Motor/STEPPER_Program.o
 .bss           0x00800096        0x0 ./HAL/SERVO_MOTOR/SERVO_Program.o
 .bss           0x00800096        0x0 ./HAL/LED/LED_Program.o
 .bss           0x00800096        0x0 ./HAL/LCD/LCD_Program.o
 .bss           0x00800096        0x0 ./HAL/KPAD/KPAD_Program.o
 .bss           0x00800096        0x0 ./HAL/EEPROM/EEPROM_Program.o
 .bss           0x00800096        0x0 ./HAL/Button/BUTTON_Program.o
 .bss           0x00800096        0x0 ./HAL/7-Segment/SEVEN_SEGMENT_Program.o
 .bss           0x00800096        0x0 ./main.o
 .bss           0x00800096        0x0 c:/users/pc/downloads/tools/tools/03- imt sdk/imt_sdk_win_64/winavr/bin/../lib/gcc/avr/4.3.3/avr5\libgcc.a(_mulsi3.o)
 .bss           0x00800096        0x0 c:/users/pc/downloads/tools/tools/03- imt sdk/imt_sdk_win_64/winavr/bin/../lib/gcc/avr/4.3.3/avr5\libgcc.a(_udivmodhi4.o)
 .bss           0x00800096        0x0 c:/users/pc/downloads/tools/tools/03- imt sdk/imt_sdk_win_64/winavr/bin/../lib/gcc/avr/4.3.3/avr5\libgcc.a(_udivmodsi4.o)
 .bss           0x00800096        0x0 c:/users/pc/downloads/tools/tools/03- imt sdk/imt_sdk_win_64/winavr/bin/../lib/gcc/avr/4.3.3/avr5\libgcc.a(_exit.o)
 .bss           0x00800096        0x0 c:/users/pc/downloads/tools/tools/03- imt sdk/imt_sdk_win_64/winavr/bin/../lib/gcc/avr/4.3.3/avr5\libgcc.a(_copy_data.o)
 .bss           0x00800096        0x0 c:/users/pc/downloads/tools/tools/03- imt sdk/imt_sdk_win_64/winavr/bin/../lib/gcc/avr/4.3.3/avr5\libgcc.a(_clear_bss.o)
 .bss           0x00800096        0x0 c:/users/pc/downloads/tools/tools/03- imt sdk/imt_sdk_win_64/winavr/bin/../lib/gcc/avr/4.3.3/avr5\libgcc.a(_fixunssfsi.o)
 .bss           0x00800096        0x0 c:/users/pc/downloads/tools/tools/03- imt sdk/imt_sdk_win_64/winavr/bin/../lib/gcc/avr/4.3.3/avr5\libgcc.a(_addsub_sf.o)
 .bss           0x00800096        0x0 c:/users/pc/downloads/tools/tools/03- imt sdk/imt_sdk_win_64/winavr/bin/../lib/gcc/avr/4.3.3/avr5\libgcc.a(_mul_sf.o)
 .bss           0x00800096        0x0 c:/users/pc/downloads/tools/tools/03- imt sdk/imt_sdk_win_64/winavr/bin/../lib/gcc/avr/4.3.3/avr5\libgcc.a(_gt_sf.o)
 .bss           0x00800096        0x0 c:/users/pc/downloads/tools/tools/03- imt sdk/imt_sdk_win_64/winavr/bin/../lib/gcc/avr/4.3.3/avr5\libgcc.a(_ge_sf.o)
 .bss           0x00800096        0x0 c:/users/pc/downloads/tools/tools/03- imt sdk/imt_sdk_win_64/winavr/bin/../lib/gcc/avr/4.3.3/avr5\libgcc.a(_lt_sf.o)
 .bss           0x00800096        0x0 c:/users/pc/downloads/tools/tools/03- imt sdk/imt_sdk_win_64/winavr/bin/../lib/gcc/avr/4.3.3/avr5\libgcc.a(_sf_to_si.o)
 .bss           0x00800096        0x0 c:/users/pc/downloads/tools/tools/03- imt sdk/imt_sdk_win_64/winavr/bin/../lib/gcc/avr/4.3.3/avr5\libgcc.a(_thenan_sf.o)
 .bss           0x00800096        0x0 c:/users/pc/downloads/tools/tools/03- imt sdk/imt_sdk_win_64/winavr/bin/../lib/gcc/avr/4.3.3/avr5\libgcc.a(_prologue.o)
 .bss           0x00800096        0x0 c:/users/pc/downloads/tools/tools/03- imt sdk/imt_sdk_win_64/winavr/bin/../lib/gcc/avr/4.3.3/avr5\libgcc.a(_epilogue.o)
 .bss           0x00800096        0x0 c:/users/pc/downloads/tools/tools/03- imt sdk/imt_sdk_win_64/winavr/bin/../lib/gcc/avr/4.3.3/avr5\libgcc.a(_pack_sf.o)
 .bss           0x00800096        0x0 c:/users/pc/downloads/tools/tools/03- imt sdk/imt_sdk_win_64/winavr/bin/../lib/gcc/avr/4.3.3/avr5\libgcc.a(_unpack_sf.o)
 .bss           0x00800096        0x0 c:/users/pc/downloads/tools/tools/03- imt sdk/imt_sdk_win_64/winavr/bin/../lib/gcc/avr/4.3.3/avr5\libgcc.a(_fpcmp_parts_sf.o)
 *(.bss*)
 .bss.Global_PF_Vector_15
                0x00800096        0x2 ./MCAL/USART/USART_Program.o
                0x00800096                Global_PF_Vector_15
 .bss.Global_u8TXData
                0x00800098        0x1 ./MCAL/USART/USART_Program.o
                0x00800098                Global_u8TXData
 .bss.Global_u8RXData
                0x00800099        0x2 ./MCAL/USART/USART_Program.o
                0x00800099                Global_u8RXData
 .bss.Global_PointerToFunction_OVF_T1
                0x0080009b        0x2 ./MCAL/TIMERS/TIMER1/TIMER1_Program.o
                0x0080009b                Global_PointerToFunction_OVF_T1
 .bss.Global_PointerToFunction_CTC_T1
                0x0080009d        0x2 ./MCAL/TIMERS/TIMER1/TIMER1_Program.o
                0x0080009d                Global_PointerToFunction_CTC_T1
 .bss.Global_u16PreloadValue
                0x0080009f        0x2 ./MCAL/TIMERS/TIMER1/TIMER1_Program.o
                0x0080009f                Global_u16PreloadValue
 .bss.Global_u16CompareMatchValue_1A
                0x008000a1        0x2 ./MCAL/TIMERS/TIMER1/TIMER1_Program.o
                0x008000a1                Global_u16CompareMatchValue_1A
 .bss.Global_u16CompareMatchValue_1B
                0x008000a3        0x2 ./MCAL/TIMERS/TIMER1/TIMER1_Program.o
                0x008000a3                Global_u16CompareMatchValue_1B
 .bss.Global_PF_Vector_12
                0x008000a5        0x2 ./MCAL/SPI/SPI_Program.o
                0x008000a5                Global_PF_Vector_12
 .bss.GlobalPF_vector_6
                0x008000a7        0x2 ./MCAL/ICU/ICU_Program.o
                0x008000a7                GlobalPF_vector_6
 .bss.Global_PF_Vector_1
                0x008000a9        0x2 ./MCAL/EXTI/EXTI_Program.o
                0x008000a9                Global_PF_Vector_1
 .bss.Global_PF_Vector_2
                0x008000ab        0x2 ./MCAL/EXTI/EXTI_Program.o
                0x008000ab                Global_PF_Vector_2
 .bss.Global_PF_Vector_3
                0x008000ad        0x2 ./MCAL/EXTI/EXTI_Program.o
                0x008000ad                Global_PF_Vector_3
 .bss.Global_PF_Vector_16
                0x008000af        0x2 ./MCAL/ADC/ADC_Program.o
                0x008000af                Global_PF_Vector_16
 .bss.ADC_u16Result
                0x008000b1        0x2 ./MCAL/ADC/ADC_Program.o
                0x008000b1                ADC_u16Result
 .bss.ADC_u18BusyFlag
                0x008000b3        0x1 ./MCAL/ADC/ADC_Program.o
                0x008000b3                ADC_u18BusyFlag
 *(COMMON)
                0x008000b4                PROVIDE (__bss_end, .)
                0x0000441e                __data_load_start = LOADADDR (.data)
                0x00004454                __data_load_end = (__data_load_start + SIZEOF (.data))

.noinit         0x008000b4        0x0
                0x008000b4                PROVIDE (__noinit_start, .)
 *(.noinit*)
                0x008000b4                PROVIDE (__noinit_end, .)
                0x008000b4                _end = .
                0x008000b4                PROVIDE (__heap_start, .)

.eeprom         0x00810000        0x0
 *(.eeprom*)
                0x00810000                __eeprom_end = .

.fuse
 *(.fuse)
 *(.lfuse)
 *(.hfuse)
 *(.efuse)

.lock
 *(.lock*)

.signature
 *(.signature*)

.stab           0x00000000     0x5850
 *(.stab)
 .stab          0x00000000      0x21c ./MCAL/WDT/WDT_Program.o
 .stab          0x0000021c      0x450 ./MCAL/USART/USART_Program.o
                                0x45c (size before relaxing)
 .stab          0x0000066c      0x420 ./MCAL/TIMERS/TIMER1/TIMER1_Program.o
                                0x42c (size before relaxing)
 .stab          0x00000a8c      0x54c ./MCAL/SPI/SPI_Program.o
                                0x558 (size before relaxing)
 .stab          0x00000fd8      0x330 ./MCAL/ICU/ICU_Program.o
                                0x33c (size before relaxing)
 .stab          0x00001308      0xdd4 ./MCAL/I2C/I2C_Program.o
                                0xde0 (size before relaxing)
 .stab          0x000020dc      0x1a4 ./MCAL/GIE/GIE_Program.o
                                0x1b0 (size before relaxing)
 .stab          0x00002280      0x3fc ./MCAL/EXTI/EXTI_Program.o
                                0x408 (size before relaxing)
 .stab          0x0000267c      0x78c ./MCAL/DIO/DIO_Program.o
                                0x798 (size before relaxing)
 .stab          0x00002e08      0x4ec ./MCAL/ADC/ADC_Program.o
                                0x4f8 (size before relaxing)
 .stab          0x000032f4      0x150 ./HAL/Stepper_Motor/STEPPER_Program.o
                                0x15c (size before relaxing)
 .stab          0x00003444      0x240 ./HAL/SERVO_MOTOR/SERVO_Program.o
                                0x24c (size before relaxing)
 .stab          0x00003684      0x36c ./HAL/LED/LED_Program.o
                                0x378 (size before relaxing)
 .stab          0x000039f0      0xd80 ./HAL/LCD/LCD_Program.o
                                0xd8c (size before relaxing)
 .stab          0x00004770      0x390 ./HAL/KPAD/KPAD_Program.o
                                0x39c (size before relaxing)
 .stab          0x00004b00      0x480 ./HAL/EEPROM/EEPROM_Program.o
                                0x618 (size before relaxing)
 .stab          0x00004f80      0x318 ./HAL/Button/BUTTON_Program.o
                                0x324 (size before relaxing)
 .stab          0x00005298      0x294 ./HAL/7-Segment/SEVEN_SEGMENT_Program.o
                                0x2a0 (size before relaxing)
 .stab          0x0000552c      0x324 ./main.o
                                0x4e0 (size before relaxing)

.stabstr        0x00000000     0x290d
 *(.stabstr)
 .stabstr       0x00000000     0x290d ./MCAL/WDT/WDT_Program.o

.stab.excl
 *(.stab.excl)

.stab.exclstr
 *(.stab.exclstr)

.stab.index
 *(.stab.index)

.stab.indexstr
 *(.stab.indexstr)

.comment
 *(.comment)

.debug
 *(.debug)

.line
 *(.line)

.debug_srcinfo
 *(.debug_srcinfo)

.debug_sfnames
 *(.debug_sfnames)

.debug_aranges  0x00000000      0x140
 *(.debug_aranges)
 .debug_aranges
                0x00000000       0x20 c:/users/pc/downloads/tools/tools/03- imt sdk/imt_sdk_win_64/winavr/bin/../lib/gcc/avr/4.3.3/avr5\libgcc.a(_fixunssfsi.o)
 .debug_aranges
                0x00000020       0x20 c:/users/pc/downloads/tools/tools/03- imt sdk/imt_sdk_win_64/winavr/bin/../lib/gcc/avr/4.3.3/avr5\libgcc.a(_addsub_sf.o)
 .debug_aranges
                0x00000040       0x20 c:/users/pc/downloads/tools/tools/03- imt sdk/imt_sdk_win_64/winavr/bin/../lib/gcc/avr/4.3.3/avr5\libgcc.a(_mul_sf.o)
 .debug_aranges
                0x00000060       0x20 c:/users/pc/downloads/tools/tools/03- imt sdk/imt_sdk_win_64/winavr/bin/../lib/gcc/avr/4.3.3/avr5\libgcc.a(_gt_sf.o)
 .debug_aranges
                0x00000080       0x20 c:/users/pc/downloads/tools/tools/03- imt sdk/imt_sdk_win_64/winavr/bin/../lib/gcc/avr/4.3.3/avr5\libgcc.a(_ge_sf.o)
 .debug_aranges
                0x000000a0       0x20 c:/users/pc/downloads/tools/tools/03- imt sdk/imt_sdk_win_64/winavr/bin/../lib/gcc/avr/4.3.3/avr5\libgcc.a(_lt_sf.o)
 .debug_aranges
                0x000000c0       0x20 c:/users/pc/downloads/tools/tools/03- imt sdk/imt_sdk_win_64/winavr/bin/../lib/gcc/avr/4.3.3/avr5\libgcc.a(_sf_to_si.o)
 .debug_aranges
                0x000000e0       0x20 c:/users/pc/downloads/tools/tools/03- imt sdk/imt_sdk_win_64/winavr/bin/../lib/gcc/avr/4.3.3/avr5\libgcc.a(_pack_sf.o)
 .debug_aranges
                0x00000100       0x20 c:/users/pc/downloads/tools/tools/03- imt sdk/imt_sdk_win_64/winavr/bin/../lib/gcc/avr/4.3.3/avr5\libgcc.a(_unpack_sf.o)
 .debug_aranges
                0x00000120       0x20 c:/users/pc/downloads/tools/tools/03- imt sdk/imt_sdk_win_64/winavr/bin/../lib/gcc/avr/4.3.3/avr5\libgcc.a(_fpcmp_parts_sf.o)

.debug_pubnames
                0x00000000      0x170
 *(.debug_pubnames)
 .debug_pubnames
                0x00000000       0x23 c:/users/pc/downloads/tools/tools/03- imt sdk/imt_sdk_win_64/winavr/bin/../lib/gcc/avr/4.3.3/avr5\libgcc.a(_fixunssfsi.o)
 .debug_pubnames
                0x00000023       0x2c c:/users/pc/downloads/tools/tools/03- imt sdk/imt_sdk_win_64/winavr/bin/../lib/gcc/avr/4.3.3/avr5\libgcc.a(_addsub_sf.o)
 .debug_pubnames
                0x0000004f       0x1f c:/users/pc/downloads/tools/tools/03- imt sdk/imt_sdk_win_64/winavr/bin/../lib/gcc/avr/4.3.3/avr5\libgcc.a(_mul_sf.o)
 .debug_pubnames
                0x0000006e       0x1e c:/users/pc/downloads/tools/tools/03- imt sdk/imt_sdk_win_64/winavr/bin/../lib/gcc/avr/4.3.3/avr5\libgcc.a(_gt_sf.o)
 .debug_pubnames
                0x0000008c       0x1e c:/users/pc/downloads/tools/tools/03- imt sdk/imt_sdk_win_64/winavr/bin/../lib/gcc/avr/4.3.3/avr5\libgcc.a(_ge_sf.o)
 .debug_pubnames
                0x000000aa       0x1e c:/users/pc/downloads/tools/tools/03- imt sdk/imt_sdk_win_64/winavr/bin/../lib/gcc/avr/4.3.3/avr5\libgcc.a(_lt_sf.o)
 .debug_pubnames
                0x000000c8       0x20 c:/users/pc/downloads/tools/tools/03- imt sdk/imt_sdk_win_64/winavr/bin/../lib/gcc/avr/4.3.3/avr5\libgcc.a(_sf_to_si.o)
 .debug_pubnames
                0x000000e8       0x22 c:/users/pc/downloads/tools/tools/03- imt sdk/imt_sdk_win_64/winavr/bin/../lib/gcc/avr/4.3.3/avr5\libgcc.a(_thenan_sf.o)
 .debug_pubnames
                0x0000010a       0x1f c:/users/pc/downloads/tools/tools/03- imt sdk/imt_sdk_win_64/winavr/bin/../lib/gcc/avr/4.3.3/avr5\libgcc.a(_pack_sf.o)
 .debug_pubnames
                0x00000129       0x21 c:/users/pc/downloads/tools/tools/03- imt sdk/imt_sdk_win_64/winavr/bin/../lib/gcc/avr/4.3.3/avr5\libgcc.a(_unpack_sf.o)
 .debug_pubnames
                0x0000014a       0x26 c:/users/pc/downloads/tools/tools/03- imt sdk/imt_sdk_win_64/winavr/bin/../lib/gcc/avr/4.3.3/avr5\libgcc.a(_fpcmp_parts_sf.o)

.debug_info     0x00000000     0x1c49
 *(.debug_info)
 .debug_info    0x00000000       0xb1 c:/users/pc/downloads/tools/tools/03- imt sdk/imt_sdk_win_64/winavr/bin/../lib/gcc/avr/4.3.3/avr5\libgcc.a(_fixunssfsi.o)
 .debug_info    0x000000b1      0x47a c:/users/pc/downloads/tools/tools/03- imt sdk/imt_sdk_win_64/winavr/bin/../lib/gcc/avr/4.3.3/avr5\libgcc.a(_addsub_sf.o)
 .debug_info    0x0000052b      0x485 c:/users/pc/downloads/tools/tools/03- imt sdk/imt_sdk_win_64/winavr/bin/../lib/gcc/avr/4.3.3/avr5\libgcc.a(_mul_sf.o)
 .debug_info    0x000009b0      0x27f c:/users/pc/downloads/tools/tools/03- imt sdk/imt_sdk_win_64/winavr/bin/../lib/gcc/avr/4.3.3/avr5\libgcc.a(_gt_sf.o)
 .debug_info    0x00000c2f      0x27f c:/users/pc/downloads/tools/tools/03- imt sdk/imt_sdk_win_64/winavr/bin/../lib/gcc/avr/4.3.3/avr5\libgcc.a(_ge_sf.o)
 .debug_info    0x00000eae      0x27f c:/users/pc/downloads/tools/tools/03- imt sdk/imt_sdk_win_64/winavr/bin/../lib/gcc/avr/4.3.3/avr5\libgcc.a(_lt_sf.o)
 .debug_info    0x0000112d      0x2b0 c:/users/pc/downloads/tools/tools/03- imt sdk/imt_sdk_win_64/winavr/bin/../lib/gcc/avr/4.3.3/avr5\libgcc.a(_sf_to_si.o)
 .debug_info    0x000013dd      0x12c c:/users/pc/downloads/tools/tools/03- imt sdk/imt_sdk_win_64/winavr/bin/../lib/gcc/avr/4.3.3/avr5\libgcc.a(_thenan_sf.o)
 .debug_info    0x00001509      0x2df c:/users/pc/downloads/tools/tools/03- imt sdk/imt_sdk_win_64/winavr/bin/../lib/gcc/avr/4.3.3/avr5\libgcc.a(_pack_sf.o)
 .debug_info    0x000017e8      0x251 c:/users/pc/downloads/tools/tools/03- imt sdk/imt_sdk_win_64/winavr/bin/../lib/gcc/avr/4.3.3/avr5\libgcc.a(_unpack_sf.o)
 .debug_info    0x00001a39      0x210 c:/users/pc/downloads/tools/tools/03- imt sdk/imt_sdk_win_64/winavr/bin/../lib/gcc/avr/4.3.3/avr5\libgcc.a(_fpcmp_parts_sf.o)
 *(.gnu.linkonce.wi.*)

.debug_abbrev   0x00000000      0xeeb
 *(.debug_abbrev)
 .debug_abbrev  0x00000000       0x5d c:/users/pc/downloads/tools/tools/03- imt sdk/imt_sdk_win_64/winavr/bin/../lib/gcc/avr/4.3.3/avr5\libgcc.a(_fixunssfsi.o)
 .debug_abbrev  0x0000005d      0x1ea c:/users/pc/downloads/tools/tools/03- imt sdk/imt_sdk_win_64/winavr/bin/../lib/gcc/avr/4.3.3/avr5\libgcc.a(_addsub_sf.o)
 .debug_abbrev  0x00000247      0x21b c:/users/pc/downloads/tools/tools/03- imt sdk/imt_sdk_win_64/winavr/bin/../lib/gcc/avr/4.3.3/avr5\libgcc.a(_mul_sf.o)
 .debug_abbrev  0x00000462      0x15a c:/users/pc/downloads/tools/tools/03- imt sdk/imt_sdk_win_64/winavr/bin/../lib/gcc/avr/4.3.3/avr5\libgcc.a(_gt_sf.o)
 .debug_abbrev  0x000005bc      0x15a c:/users/pc/downloads/tools/tools/03- imt sdk/imt_sdk_win_64/winavr/bin/../lib/gcc/avr/4.3.3/avr5\libgcc.a(_ge_sf.o)
 .debug_abbrev  0x00000716      0x15a c:/users/pc/downloads/tools/tools/03- imt sdk/imt_sdk_win_64/winavr/bin/../lib/gcc/avr/4.3.3/avr5\libgcc.a(_lt_sf.o)
 .debug_abbrev  0x00000870      0x17f c:/users/pc/downloads/tools/tools/03- imt sdk/imt_sdk_win_64/winavr/bin/../lib/gcc/avr/4.3.3/avr5\libgcc.a(_sf_to_si.o)
 .debug_abbrev  0x000009ef       0xad c:/users/pc/downloads/tools/tools/03- imt sdk/imt_sdk_win_64/winavr/bin/../lib/gcc/avr/4.3.3/avr5\libgcc.a(_thenan_sf.o)
 .debug_abbrev  0x00000a9c      0x1c0 c:/users/pc/downloads/tools/tools/03- imt sdk/imt_sdk_win_64/winavr/bin/../lib/gcc/avr/4.3.3/avr5\libgcc.a(_pack_sf.o)
 .debug_abbrev  0x00000c5c      0x154 c:/users/pc/downloads/tools/tools/03- imt sdk/imt_sdk_win_64/winavr/bin/../lib/gcc/avr/4.3.3/avr5\libgcc.a(_unpack_sf.o)
 .debug_abbrev  0x00000db0      0x13b c:/users/pc/downloads/tools/tools/03- imt sdk/imt_sdk_win_64/winavr/bin/../lib/gcc/avr/4.3.3/avr5\libgcc.a(_fpcmp_parts_sf.o)

.debug_line     0x00000000      0xdad
 *(.debug_line)
 .debug_line    0x00000000       0xa7 c:/users/pc/downloads/tools/tools/03- imt sdk/imt_sdk_win_64/winavr/bin/../lib/gcc/avr/4.3.3/avr5\libgcc.a(_fixunssfsi.o)
 .debug_line    0x000000a7      0x2af c:/users/pc/downloads/tools/tools/03- imt sdk/imt_sdk_win_64/winavr/bin/../lib/gcc/avr/4.3.3/avr5\libgcc.a(_addsub_sf.o)
 .debug_line    0x00000356      0x239 c:/users/pc/downloads/tools/tools/03- imt sdk/imt_sdk_win_64/winavr/bin/../lib/gcc/avr/4.3.3/avr5\libgcc.a(_mul_sf.o)
 .debug_line    0x0000058f       0xd3 c:/users/pc/downloads/tools/tools/03- imt sdk/imt_sdk_win_64/winavr/bin/../lib/gcc/avr/4.3.3/avr5\libgcc.a(_gt_sf.o)
 .debug_line    0x00000662       0xd3 c:/users/pc/downloads/tools/tools/03- imt sdk/imt_sdk_win_64/winavr/bin/../lib/gcc/avr/4.3.3/avr5\libgcc.a(_ge_sf.o)
 .debug_line    0x00000735       0xd3 c:/users/pc/downloads/tools/tools/03- imt sdk/imt_sdk_win_64/winavr/bin/../lib/gcc/avr/4.3.3/avr5\libgcc.a(_lt_sf.o)
 .debug_line    0x00000808      0x109 c:/users/pc/downloads/tools/tools/03- imt sdk/imt_sdk_win_64/winavr/bin/../lib/gcc/avr/4.3.3/avr5\libgcc.a(_sf_to_si.o)
 .debug_line    0x00000911       0x90 c:/users/pc/downloads/tools/tools/03- imt sdk/imt_sdk_win_64/winavr/bin/../lib/gcc/avr/4.3.3/avr5\libgcc.a(_thenan_sf.o)
 .debug_line    0x000009a1      0x18a c:/users/pc/downloads/tools/tools/03- imt sdk/imt_sdk_win_64/winavr/bin/../lib/gcc/avr/4.3.3/avr5\libgcc.a(_pack_sf.o)
 .debug_line    0x00000b2b      0x14b c:/users/pc/downloads/tools/tools/03- imt sdk/imt_sdk_win_64/winavr/bin/../lib/gcc/avr/4.3.3/avr5\libgcc.a(_unpack_sf.o)
 .debug_line    0x00000c76      0x137 c:/users/pc/downloads/tools/tools/03- imt sdk/imt_sdk_win_64/winavr/bin/../lib/gcc/avr/4.3.3/avr5\libgcc.a(_fpcmp_parts_sf.o)

.debug_frame    0x00000000      0x160
 *(.debug_frame)
 .debug_frame   0x00000000       0x20 c:/users/pc/downloads/tools/tools/03- imt sdk/imt_sdk_win_64/winavr/bin/../lib/gcc/avr/4.3.3/avr5\libgcc.a(_fixunssfsi.o)
 .debug_frame   0x00000020       0x40 c:/users/pc/downloads/tools/tools/03- imt sdk/imt_sdk_win_64/winavr/bin/../lib/gcc/avr/4.3.3/avr5\libgcc.a(_addsub_sf.o)
 .debug_frame   0x00000060       0x20 c:/users/pc/downloads/tools/tools/03- imt sdk/imt_sdk_win_64/winavr/bin/../lib/gcc/avr/4.3.3/avr5\libgcc.a(_mul_sf.o)
 .debug_frame   0x00000080       0x20 c:/users/pc/downloads/tools/tools/03- imt sdk/imt_sdk_win_64/winavr/bin/../lib/gcc/avr/4.3.3/avr5\libgcc.a(_gt_sf.o)
 .debug_frame   0x000000a0       0x20 c:/users/pc/downloads/tools/tools/03- imt sdk/imt_sdk_win_64/winavr/bin/../lib/gcc/avr/4.3.3/avr5\libgcc.a(_ge_sf.o)
 .debug_frame   0x000000c0       0x20 c:/users/pc/downloads/tools/tools/03- imt sdk/imt_sdk_win_64/winavr/bin/../lib/gcc/avr/4.3.3/avr5\libgcc.a(_lt_sf.o)
 .debug_frame   0x000000e0       0x20 c:/users/pc/downloads/tools/tools/03- imt sdk/imt_sdk_win_64/winavr/bin/../lib/gcc/avr/4.3.3/avr5\libgcc.a(_sf_to_si.o)
 .debug_frame   0x00000100       0x20 c:/users/pc/downloads/tools/tools/03- imt sdk/imt_sdk_win_64/winavr/bin/../lib/gcc/avr/4.3.3/avr5\libgcc.a(_pack_sf.o)
 .debug_frame   0x00000120       0x20 c:/users/pc/downloads/tools/tools/03- imt sdk/imt_sdk_win_64/winavr/bin/../lib/gcc/avr/4.3.3/avr5\libgcc.a(_unpack_sf.o)
 .debug_frame   0x00000140       0x20 c:/users/pc/downloads/tools/tools/03- imt sdk/imt_sdk_win_64/winavr/bin/../lib/gcc/avr/4.3.3/avr5\libgcc.a(_fpcmp_parts_sf.o)

.debug_str      0x00000000      0x28d
 *(.debug_str)
 .debug_str     0x00000000       0xbf c:/users/pc/downloads/tools/tools/03- imt sdk/imt_sdk_win_64/winavr/bin/../lib/gcc/avr/4.3.3/avr5\libgcc.a(_fixunssfsi.o)
                                 0xfe (size before relaxing)
 .debug_str     0x000000bf      0x14d c:/users/pc/downloads/tools/tools/03- imt sdk/imt_sdk_win_64/winavr/bin/../lib/gcc/avr/4.3.3/avr5\libgcc.a(_addsub_sf.o)
                                0x206 (size before relaxing)
 .debug_str     0x0000020c       0x27 c:/users/pc/downloads/tools/tools/03- imt sdk/imt_sdk_win_64/winavr/bin/../lib/gcc/avr/4.3.3/avr5\libgcc.a(_mul_sf.o)
                                0x1bf (size before relaxing)
 .debug_str     0x00000233        0xf c:/users/pc/downloads/tools/tools/03- imt sdk/imt_sdk_win_64/winavr/bin/../lib/gcc/avr/4.3.3/avr5\libgcc.a(_gt_sf.o)
                                0x195 (size before relaxing)
 .debug_str     0x00000242        0x8 c:/users/pc/downloads/tools/tools/03- imt sdk/imt_sdk_win_64/winavr/bin/../lib/gcc/avr/4.3.3/avr5\libgcc.a(_ge_sf.o)
                                0x195 (size before relaxing)
 .debug_str     0x0000024a        0x8 c:/users/pc/downloads/tools/tools/03- imt sdk/imt_sdk_win_64/winavr/bin/../lib/gcc/avr/4.3.3/avr5\libgcc.a(_lt_sf.o)
                                0x195 (size before relaxing)
 .debug_str     0x00000252        0xa c:/users/pc/downloads/tools/tools/03- imt sdk/imt_sdk_win_64/winavr/bin/../lib/gcc/avr/4.3.3/avr5\libgcc.a(_sf_to_si.o)
                                0x19e (size before relaxing)
 .debug_str     0x00000000      0x103 c:/users/pc/downloads/tools/tools/03- imt sdk/imt_sdk_win_64/winavr/bin/../lib/gcc/avr/4.3.3/avr5\libgcc.a(_thenan_sf.o)
 .debug_str     0x0000025c       0x16 c:/users/pc/downloads/tools/tools/03- imt sdk/imt_sdk_win_64/winavr/bin/../lib/gcc/avr/4.3.3/avr5\libgcc.a(_pack_sf.o)
                                0x19d (size before relaxing)
 .debug_str     0x00000272        0xb c:/users/pc/downloads/tools/tools/03- imt sdk/imt_sdk_win_64/winavr/bin/../lib/gcc/avr/4.3.3/avr5\libgcc.a(_unpack_sf.o)
                                0x17f (size before relaxing)
 .debug_str     0x0000027d       0x10 c:/users/pc/downloads/tools/tools/03- imt sdk/imt_sdk_win_64/winavr/bin/../lib/gcc/avr/4.3.3/avr5\libgcc.a(_fpcmp_parts_sf.o)
                                0x163 (size before relaxing)

.debug_loc      0x00000000      0x7ce
 *(.debug_loc)
 .debug_loc     0x00000000       0x34 c:/users/pc/downloads/tools/tools/03- imt sdk/imt_sdk_win_64/winavr/bin/../lib/gcc/avr/4.3.3/avr5\libgcc.a(_fixunssfsi.o)
 .debug_loc     0x00000034      0x32a c:/users/pc/downloads/tools/tools/03- imt sdk/imt_sdk_win_64/winavr/bin/../lib/gcc/avr/4.3.3/avr5\libgcc.a(_addsub_sf.o)
 .debug_loc     0x0000035e      0x104 c:/users/pc/downloads/tools/tools/03- imt sdk/imt_sdk_win_64/winavr/bin/../lib/gcc/avr/4.3.3/avr5\libgcc.a(_mul_sf.o)
 .debug_loc     0x00000462       0x3c c:/users/pc/downloads/tools/tools/03- imt sdk/imt_sdk_win_64/winavr/bin/../lib/gcc/avr/4.3.3/avr5\libgcc.a(_gt_sf.o)
 .debug_loc     0x0000049e       0x3c c:/users/pc/downloads/tools/tools/03- imt sdk/imt_sdk_win_64/winavr/bin/../lib/gcc/avr/4.3.3/avr5\libgcc.a(_ge_sf.o)
 .debug_loc     0x000004da       0x3c c:/users/pc/downloads/tools/tools/03- imt sdk/imt_sdk_win_64/winavr/bin/../lib/gcc/avr/4.3.3/avr5\libgcc.a(_lt_sf.o)
 .debug_loc     0x00000516       0x7e c:/users/pc/downloads/tools/tools/03- imt sdk/imt_sdk_win_64/winavr/bin/../lib/gcc/avr/4.3.3/avr5\libgcc.a(_sf_to_si.o)
 .debug_loc     0x00000594      0x13e c:/users/pc/downloads/tools/tools/03- imt sdk/imt_sdk_win_64/winavr/bin/../lib/gcc/avr/4.3.3/avr5\libgcc.a(_pack_sf.o)
 .debug_loc     0x000006d2       0xac c:/users/pc/downloads/tools/tools/03- imt sdk/imt_sdk_win_64/winavr/bin/../lib/gcc/avr/4.3.3/avr5\libgcc.a(_unpack_sf.o)
 .debug_loc     0x0000077e       0x50 c:/users/pc/downloads/tools/tools/03- imt sdk/imt_sdk_win_64/winavr/bin/../lib/gcc/avr/4.3.3/avr5\libgcc.a(_fpcmp_parts_sf.o)

.debug_macinfo
 *(.debug_macinfo)
OUTPUT(I2C_slave.elf elf32-avr)
LOAD linker stubs

.debug_ranges   0x00000000       0x50
 .debug_ranges  0x00000000       0x50 c:/users/pc/downloads/tools/tools/03- imt sdk/imt_sdk_win_64/winavr/bin/../lib/gcc/avr/4.3.3/avr5\libgcc.a(_mul_sf.o)
